kind: Cluster
apiVersion: kind.x-k8s.io/v1alpha4
networking: {}
nodes:
  - role: control-plane
    extraPortMappings:
      - containerPort: 31337
        hostPort: 31337
      - containerPort: 31340
        hostPort: 31340
      - containerPort: 31333
        hostPort: 31333
  - role: worker
    labels:
      ingress-ready: "true"
    extraPortMappings:
      - containerPort: 80
        hostPort: 80
        protocol: TCP
